// Jest Snapshot v1, https://goo.gl/fbAQLP

exports[`Tests with mock axios Check format and result of server response: 1`] = `
[
  1,
]
`;
